---
source: src/lib.rs
expression: "format!(\"{:?}\", resp)"
---
Ok(Cat { name: "Kassadin" })
